<?xml version="1.0" encoding="UTF-8"?>
<TestRun id="d0bcf386-9743-4465-a64b-b0238684467b" name="masabathula1@MASABATHULA1PC 2012-10-15 06:57:44" runUser="MASABATHULA1PC\masabathula1" xmlns="http://microsoft.com/schemas/VisualStudio/TeamTest/2010">
  <TestSettings name="Default Test Settings" id="fe74130f-ae6b-4d1d-b5d3-3a30d6b76fd5">
    <Deployment userDeploymentRoot="C:\Pandu\GitHub\pubnub-api\csharp\3.3\TestResults" useDefaultDeploymentRoot="false" runDeploymentRoot="masabathula1_MASABATHULA1PC 2012-10-15 06_57_44">
      <DeploymentItem filename="C:\Pandu\GitHub\pubnub-api\csharp\3.3\PubNub-Messaging\bin\Debug\PubNub-Messaging.exe" />
    </Deployment>
    <Execution>
      <TestTypeSpecific />
      <AgentRule name="Execution Agents">
      </AgentRule>
    </Execution>
  </TestSettings>
  <Times creation="2012-10-15T06:57:44.1014515+05:30" queuing="2012-10-15T06:57:45.5678541+05:30" start="2012-10-15T06:57:45.7238544+05:30" finish="2012-10-15T06:57:49.4678609+05:30" />
  <ResultSummary outcome="Completed">
    <Counters total="1" executed="1" passed="1" error="0" failed="0" timeout="0" aborted="0" inconclusive="0" passedButRunAborted="0" notRunnable="0" notExecuted="0" disconnected="0" warning="0" completed="0" inProgress="0" pending="0" />
  </ResultSummary>
  <TestDefinitions>
    <UnitTest name="ThenItShouldReturnReceivedMessage" storage="c:\pandu\github\pubnub-api\csharp\3.3\pubnub-messaging.tests\bin\debug\pubnub-messaging.tests.dll" id="aa5ae936-4b91-7628-df52-dad043c5d2d0">
      <Execution id="baccd3c6-cb41-4a0d-abe7-b2226ec2dbfc" />
      <TestMethod codeBase="C:/Pandu/GitHub/pubnub-api/csharp/3.3/PubNub-Messaging.Tests/bin/Debug/PubNub-Messaging.Tests.DLL" adapterTypeName="Microsoft.VisualStudio.TestTools.TestTypes.Unit.UnitTestAdapter, Microsoft.VisualStudio.QualityTools.Tips.UnitTest.Adapter, Version=10.0.0.0, Culture=neutral, PublicKeyToken=b03f5f7f11d50a3a" className="PubNub_Messaging.Tests.WhenSubscribedToAChannel, PubNub-Messaging.Tests, Version=1.0.0.0, Culture=neutral, PublicKeyToken=null" name="ThenItShouldReturnReceivedMessage" />
    </UnitTest>
  </TestDefinitions>
  <TestLists>
    <TestList name="Results Not in a List" id="8c84fa94-04c1-424b-9868-57a2d4851a1d" />
    <TestList name="All Loaded Results" id="19431567-8539-422a-85d7-44ee4e166bda" />
  </TestLists>
  <TestEntries>
    <TestEntry testId="aa5ae936-4b91-7628-df52-dad043c5d2d0" executionId="baccd3c6-cb41-4a0d-abe7-b2226ec2dbfc" testListId="8c84fa94-04c1-424b-9868-57a2d4851a1d" />
  </TestEntries>
  <Results>
    <UnitTestResult executionId="baccd3c6-cb41-4a0d-abe7-b2226ec2dbfc" testId="aa5ae936-4b91-7628-df52-dad043c5d2d0" testName="ThenItShouldReturnReceivedMessage" computerName="MASABATHULA1PC" duration="00:00:01.7370366" startTime="2012-10-15T06:57:45.9110547+05:30" endTime="2012-10-15T06:57:49.3586607+05:30" testType="13cdc9d9-ddb5-4fa4-a97d-d965ccfc6d4b" outcome="Passed" testListId="8c84fa94-04c1-424b-9868-57a2d4851a1d" relativeResultsDirectory="baccd3c6-cb41-4a0d-abe7-b2226ec2dbfc">
      <Output>
        <DebugTrace>DateTime 10/15/2012 6:57:47 AM, requested subscribe for channel=my_channel
DateTime 10/15/2012 6:57:48 AM, Request=http://pubsub.pubnub.com/subscribe/demo/my_channel/0/0?uuid=7a272f8d-218d-4393-b63a-250f31fda02b
DateTime 10/15/2012 6:57:48 AM, JSON=[[],"13502638873595396"]
DateTime 10/15/2012 6:57:48 AM, Request=http://pubsub.pubnub.com/subscribe/demo/my_channel/0/13502638873595396?uuid=7a272f8d-218d-4393-b63a-250f31fda02b
</DebugTrace>
      </Output>
    </UnitTestResult>
  </Results>
</TestRun>